// Jest Snapshot v1, https://goo.gl/fbAQLP

exports[`Pruebas en el componente <TodoApp />  debe mostrarse correctamente el componente 1`] = `
<div>
  <h1>
    Todo App (
    0
    ) 
  </h1>
  <hr />
  <div
    className="row"
  >
    <div
      className="col-7"
    >
      <TodoList
        handleRemoveOnClick={[Function]}
        handleToggle={[Function]}
        todos={Array []}
      />
    </div>
    <div
      className="col-5"
    >
      <TodoFormAdd
        handleAddNewTodo={[Function]}
      />
    </div>
  </div>
</div>
`;
